core/control-plane/controlBus.js:5:    this.emit("control.event", {
core/control-plane/atlas/atlas.engine.js:40:  bus.emit("atlas.update", {
core/observability/event.mirror.js:24:    this.emit("mirror.event", snapshot);
core/observability/trace.tap.js:14:      bus.emit('OBSERVABILITY_EVENT', packet);
core/ai/bridge/action.dispatcher.js:24:  bus.emit(event, {
core/ai/brain.marketplace.js:13:  bus.emit("AI_MARKETPLACE_RESULT", {
core/ai/brain.feed.js:8:  bus.emit("AI_FEED_GENERATED", {
core/ai/brain.layout.js:8:  bus.emit("AI_LAYOUT_COMPOSED", {
core/ai/brain.economy.intelligence.js:8:  bus.emit("AI_ECONOMY_INSIGHTS", result);
core/ai/orchestrator/index.js:47:  bus.emit("AI_ORCHESTRATOR_TRACE", {
core/ai/brain/index.js:30:  eventbus.emit("AI_OUTPUT", output);
core/economy/economy.engine.js:37:  bus.emit("ECONOMY_EVENT", result);
core/economy/economy.engine.js:42:  bus.emit("ECONOMY_EVENT", result);
core/economy/economy.engine.js:47:  bus.emit("ECONOMY_EVENT", result);
core/economy/economy.engine.js:52:  bus.emit("ECONOMY_EVENT", result);
core/economy/wallet.engine.js:42:  bus.emit("WALLET_UPDATED", { userId, wallet });
core/economy/wallet.engine.js:59:  bus.emit("WALLET_UPDATED", { userId, wallet });
core/economy/notifications.engine.js:37:  bus.emit("NOTIFICATION_CREATED", { userId, note });
core/economy/activity.engine.js:37:  bus.emit("ACTIVITY_LOGGED", { userId, entry });
core/economy/intelligence/gap.engine.js:25:  bus.emit("ECONOMY_INSIGHTS", insights);
core/economy/intelligence/orchestrator.js:21:  bus.emit("ECONOMY_INTELLIGENCE_UPDATE", payload);
core/economy/policy/approval.engine.js:42:  bus.emit("POLICY_DECISION", {
core/economy/policy/adjustment.executor.js:15:    bus.emit("MARKETPLACE_UPDATED", {
core/economy/policy/adjustment.executor.js:29:      bus.emit("MARKETPLACE_UPDATED_THROTTLED", {
core/economy/policy/adjustment.executor.js:41:    bus.emit("MARKETPLACE_REVIEW_QUEUE", {
core/marketplace/matcher.engine.js:41:  bus.emit("MARKETPLACE_MATCHED", {
core/feed/feed.engine.js:40:  bus.emit("FEED_UPDATED", {
core/layout/layout.engine.js:26:  bus.emit("LAYOUT_UPDATED", {
core/os/autonomous.loop.js:46:  bus.emit("OS_CYCLE_COMPLETE", state);
core/os/feedback.loop.js:11:  bus.emit("USER_FEEDBACK_EVENT", record);
core/simulation/global.economy.js:18:  bus.emit("GLOBAL_STATE_UPDATED", globalState);
core/simulation/optimizer.engine.js:28:  bus.emit("ECONOMY_OPTIMIZED", recommendations);
core/simulation/simulation.loop.js:17:  bus.emit("SIMULATION_CYCLE", simulation);
core/eventbus/index.js:14:  emit(event, payload) {
core/bootstrap.js:14:eventbus.emit("MARKET_EVENT", {
core/integrations/whatsapp-afriai/index.js:30:  eventbus.emit("MARKET_EVENT", event);
core/visual-engine/graph.engine.js:1:const bus=require("../eventbus"); const graph={nodes:[],edges:[]}; function addNode(n){graph.nodes.push(n); bus.emit("GRAPH_NODE_CREATED",n); return n;} function addEdge(f,t){const e={from:f,to:t,time:Date.now()}; graph.edges.push(e); bus.emit("GRAPH_EDGE_CREATED",e); return e;} function trace(step,data){return addNode({id:Math.random().toString(36).slice(2),type:step,data,time:Date.now()});} module.exports={graph,addNode,addEdge,trace};
core/visual-engine/live.stream.js:1:module.exports=function(bus,io){if(!bus||!io) return; bus.on("GRAPH_NODE_CREATED",n=>io.emit("node",n)); bus.on("GRAPH_EDGE_CREATED",e=>io.emit("edge",e)); bus.on("AI_TRACE",t=>io.emit("trace",t)); console.log("🌐 LIVE FLOWGRAPH STREAM ACTIVE");};
core/visual-engine/flowgraph.engine.js:22:    io.emit('flowgraph:event',{
core/visual-engine/flowgraph.engine.js:32:    socket.emit('boot',{status:'live'});
core/cockpit/orchestrator.js:8:  const e = emit(event);
core/event-engine/engine.ai.backup.js:3:function emit(type, service, status, msg) {
core/event-engine/engine.backup.consolidation.js:28:function emit(type, service, status, msg) {
core/event-engine/engine.backup.js:3:function emit(type, service, status, msg) {
core/event-engine/engine.causal.backup.js:13:function emit(type, service, status, msg) {
core/event-engine/engine.clean.backup.js:28:function emit(type, service, status, msg) {
core/event-engine/engine.corrupt.backup.js:28:function emit(type, service, status, msg) {
core/event-engine/engine.corrupt.final.backup.js:28:function emit(type, service, status, msg) {
core/event-engine/engine.emit.backup.js:13:function emit(type, service, status, msg) {
core/event-engine/engine.fix.backup.js:13:function emit(type, service, status, msg) {
core/event-engine/engine.js:3:function emit(type, service, status, msg) {
core/event-engine/engine.js.backup_1782001266:4:function emit(type, service, status, msg) {
core/event-engine/engine.physics.backup.js:28:function emit(type, service, status, msg) {
core/event-engine/engine.pre-emit.backup.js:13:function emit(type, service, status, msg) {
core/event-engine/engine.pre-sim.backup.js:28:function emit(type, service, status, msg) {
core/event-engine/engine.stable.backup.js:13:function emit(type, service, status, msg) {
core/event-engine/engine.ws.backup.js:28:function emit(type, service, status, msg) {
core/event-engine/engine.ws.repair.js:28:function emit(type, service, status, msg) {
core/event-spine/ci.spine.js:3:function emit(event) {
core/github-mirror/actions/sync.engine.js:4:  const event = emit({
core/github-mirror/actions/sync.engine.js:18:  const event = emit({
core/hud/bridge.js:11:  const e = emit(event);
core/hud/stream.js:20:  emit(event);
core/kernel/KERNEL_CONVERGENCE.js:5:  emit(event) {
core/kernel/KERNEL_CONVERGENCE.js:34:  const normalized = EventSpine.emit(event);
core/kernel/UnifiedEventContract.js:5:function emit(event) {
core/kernel/_deprecated/spine.js:4:function emit(event) {
core/kernel/bridge/kernel.bridge.js:6:  return emit(event);
core/kernel/unified.kernel.js:20:  emit({
core/rollback/engine/rollback.engine.js:11:  const event = emit({
core/sim/engine.core.js:28:function emit(type, service, status, msg) {
core/sim/engine.snapshot.js:28:function emit(type, service, status, msg) {
core/spine/ci.spine.js:3:function emit(event) {
