Starting a Gradle Daemon, 2 busy and 1 stopped Daemons could not be reused, use --status for details
Warning: Unable to set daemon's environment variables to match the client because: 
  There is no native integration with this operating environment.
  If the daemon was started with a significantly different environment from the client, and your build 
  relies on environment variables, you may experience unexpected behavior.

> Configure project :app
WARNING: The option setting 'android.aapt2FromMavenOverride=/data/data/com.termux/files/usr/bin/aapt2' is experimental.

> Task :app:preBuild UP-TO-DATE
> Task :app:preDebugBuild UP-TO-DATE
> Task :app:mergeDebugNativeDebugMetadata NO-SOURCE
> Task :app:javaPreCompileDebug UP-TO-DATE
> Task :app:checkDebugAarMetadata UP-TO-DATE
> Task :app:generateDebugResValues UP-TO-DATE
> Task :app:mapDebugSourceSetPaths UP-TO-DATE
> Task :app:generateDebugResources UP-TO-DATE
> Task :app:mergeDebugResources UP-TO-DATE
> Task :app:packageDebugResources UP-TO-DATE
> Task :app:parseDebugLocalResources UP-TO-DATE
> Task :app:createDebugCompatibleScreenManifests UP-TO-DATE
> Task :app:extractDeepLinksDebug UP-TO-DATE
> Task :app:processDebugMainManifest UP-TO-DATE
> Task :app:processDebugManifest UP-TO-DATE
> Task :app:mergeDebugShaders UP-TO-DATE
> Task :app:compileDebugShaders NO-SOURCE
> Task :app:generateDebugAssets UP-TO-DATE
> Task :app:mergeDebugAssets UP-TO-DATE
> Task :app:compressDebugAssets UP-TO-DATE
> Task :app:processDebugJavaRes NO-SOURCE
> Task :app:mergeDebugJavaResource UP-TO-DATE
> Task :app:checkDebugDuplicateClasses UP-TO-DATE
> Task :app:desugarDebugFileDependencies UP-TO-DATE
> Task :app:processDebugManifestForPackage
> Task :app:mergeExtDexDebug
> Task :app:mergeLibDexDebug
> Task :app:mergeDebugJniLibFolders
> Task :app:mergeDebugNativeLibs NO-SOURCE
> Task :app:stripDebugDebugSymbols NO-SOURCE
> Task :app:validateSigningDebug
> Task :app:writeDebugAppMetadata
> Task :app:writeDebugSigningConfigVersions
08-17 00:59:57.774 32135 32135 E aapt2   : No package ID 7f found for resource ID 0x7f0300b7.
08-17 00:59:57.784 32135 32135 E aapt2   : No package ID 7f found for resource ID 0x7f030069.
08-17 00:59:57.784 32135 32135 E aapt2   : No package ID 7f found for resource ID 0x7f03010b.
08-17 00:59:57.784 32135 32135 E aapt2   : No package ID 7f found for resource ID 0x7f0300e6.
08-17 00:59:57.784 32135 32135 E aapt2   : No package ID 7f found for resource ID 0x7f030093.
08-17 00:59:57.784 32135 32135 E aapt2   : No package ID 7f found for resource ID 0x7f030033.
08-17 00:59:57.784 32135 32135 E aapt2   : No package ID 7f found for resource ID 0x7f030035.
08-17 00:59:57.784 32135 32135 E aapt2   : No package ID 7f found for resource ID 0x7f030034.
08-17 00:59:57.784 32135 32135 E aapt2   : No package ID 7f found for resource ID 0x7f030064.
08-17 00:59:57.784 32135 32135 E aapt2   : No package ID 7f found for resource ID 0x7f03008f.
08-17 00:59:57.784 32135 32135 E aapt2   : No package ID 7f found for resource ID 0x7f030092.
08-17 00:59:57.784 32135 32135 E aapt2   : No package ID 7f found for resource ID 0x7f0300c7.
08-17 00:59:57.784 32135 32135 E aapt2   : No package ID 7f found for resource ID 0x7f030098.
08-17 00:59:57.784 32135 32135 E aapt2   : No package ID 7f found for resource ID 0x7f0300c6.
08-17 00:59:57.784 32135 32135 E aapt2   : No package ID 7f found for resource ID 0x7f030091.
08-17 00:59:57.784 32135 32135 E aapt2   : No package ID 7f found for resource ID 0x7f03009b.
08-17 00:59:57.784 32135 32135 E aapt2   : No package ID 7f found for resource ID 0x7f030090.
08-17 00:59:57.784 32135 32135 E aapt2   : No package ID 7f found for resource ID 0x7f03007d.
08-17 00:59:57.785 32135 32135 E aapt2   : No package ID 7f found for resource ID 0x7f03004d.
08-17 00:59:57.785 32135 32135 E aapt2   : No package ID 7f found for resource ID 0x7f030099.
08-17 00:59:57.785 32135 32135 E aapt2   : No package ID 7f found for resource ID 0x7f03007f.
08-17 00:59:57.785 32135 32135 E aapt2   : No package ID 7f found for resource ID 0x7f030042.
08-17 00:59:57.785 32135 32135 E aapt2   : No package ID 7f found for resource ID 0x7f0300a5.
08-17 00:59:57.785 32135 32135 E aapt2   : No package ID 7f found for resource ID 0x7f0300b4.
08-17 00:59:57.785 32135 32135 E aapt2   : No package ID 7f found for resource ID 0x7f0300da.
08-17 00:59:57.785 32135 32135 E aapt2   : No package ID 7f found for resource ID 0x7f0300a4.
08-17 00:59:57.785 32135 32135 E aapt2   : No package ID 7f found for resource ID 0x7f0300d9.
08-17 00:59:57.785 32135 32135 E aapt2   : No package ID 7f found for resource ID 0x7f030041.
08-17 00:59:57.786 32135 32135 E aapt2   : No package ID 7f found for resource ID 0x7f0300df.
08-17 00:59:57.786 32135 32135 E aapt2   : No package ID 7f found for resource ID 0x7f030100.
08-17 00:59:57.786 32135 32135 E aapt2   : No package ID 7f found for resource ID 0x7f030101.
08-17 00:59:57.786 32135 32135 E aapt2   : No package ID 7f found for resource ID 0x7f0300fd.
08-17 00:59:57.786 32135 32135 E aapt2   : No package ID 7f found for resource ID 0x7f0300fe.
08-17 00:59:57.786 32135 32135 E aapt2   : No package ID 7f found for resource ID 0x7f0300ff.
08-17 00:59:57.787 32135 32135 E aapt2   : No package ID 7f found for resource ID 0x7f030032.
08-17 00:59:57.787 32135 32135 E aapt2   : No package ID 7f found for resource ID 0x7f030031.
08-17 00:59:57.787 32135 32135 E aapt2   : No package ID 7f found for resource ID 0x7f030030.
08-17 00:59:57.787 32135 32135 E aapt2   : No package ID 7f found for resource ID 0x7f03002f.
08-17 00:59:57.787 32135 32135 E aapt2   : No package ID 7f found for resource ID 0x7f03002e.
08-17 00:59:57.787 32135 32135 E aapt2   : No package ID 7f found for resource ID 0x7f03009f.
08-17 00:59:57.787 32135 32135 E aapt2   : No package ID 7f found for resource ID 0x7f030080.
08-17 00:59:57.787 32135 32135 E aapt2   : No package ID 7f found for resource ID 0x7f03009d.
08-17 00:59:57.787 32135 32135 E aapt2   : No package ID 7f found for resource ID 0x7f03008b.
08-17 00:59:57.787 32135 32135 E aapt2   : No package ID 7f found for resource ID 0x7f030070.
08-17 00:59:57.787 32135 32135 E aapt2   : No package ID 7f found for resource ID 0x7f030076.
08-17 00:59:57.787 32135 32135 E aapt2   : No package ID 7f found for resource ID 0x7f030071.
08-17 00:59:57.787 32135 32135 E aapt2   : No package ID 7f found for resource ID 0x7f03006e.
08-17 00:59:57.787 32135 32135 E aapt2   : No package ID 7f found for resource ID 0x7f030073.
08-17 00:59:57.787 32135 32135 E aapt2   : No package ID 7f found for resource ID 0x7f03006f.
08-17 00:59:57.787 32135 32135 E aapt2   : No package ID 7f found for resource ID 0x7f030074.
08-17 00:59:57.787 32135 32135 E aapt2   : No package ID 7f found for resource ID 0x7f030075.
08-17 00:59:57.787 32135 32135 E aapt2   : No package ID 7f found for resource ID 0x7f03007e.
08-17 00:59:57.787 32135 32135 E aapt2   : No package ID 7f found for resource ID 0x7f030117.
08-17 00:59:57.787 32135 32135 E aapt2   : No package ID 7f found for resource ID 0x7f030120.
08-17 00:59:57.787 32135 32135 E aapt2   : No package ID 7f found for resource ID 0x7f030118.
08-17 00:59:57.787 32135 32135 E aapt2   : No package ID 7f found for resource ID 0x7f030119.
08-17 00:59:57.787 32135 32135 E aapt2   : No package ID 7f found for resource ID 0x7f03011c.
08-17 00:59:57.787 32135 32135 E aapt2   : No package ID 7f found for resource ID 0x7f03011b.
08-17 00:59:57.787 32135 32135 E aapt2   : No package ID 7f found for resource ID 0x7f03011d.
08-17 00:59:57.787 32135 32135 E aapt2   : No package ID 7f found for resource ID 0x7f03011a.
08-17 00:59:57.787 32135 32135 E aapt2   : No package ID 7f found for resource ID 0x7f03011e.
08-17 00:59:57.787 32135 32135 E aapt2   : No package ID 7f found for resource ID 0x7f03011f.
08-17 00:59:57.787 32135 32135 E aapt2   : No package ID 7f found for resource ID 0x7f030007.
08-17 00:59:57.787 32135 32135 E aapt2   : No package ID 7f found for resource ID 0x7f030006.
08-17 00:59:57.787 32135 32135 E aapt2   : No package ID 7f found for resource ID 0x7f030008.
08-17 00:59:57.787 32135 32135 E aapt2   : No package ID 7f found for resource ID 0x7f03001f.
08-17 00:59:57.787 32135 32135 E aapt2   : No package ID 7f found for resource ID 0x7f030020.
08-17 00:59:57.787 32135 32135 E aapt2   : No package ID 7f found for resource ID 0x7f030002.
08-17 00:59:57.787 32135 32135 E aapt2   : No package ID 7f found for resource ID 0x7f030005.
08-17 00:59:57.787 32135 32135 E aapt2   : No package ID 7f found for resource ID 0x7f030004.
08-17 00:59:57.787 32135 32135 E aapt2   : No package ID 7f found for resource ID 0x7f030009.
08-17 00:59:57.787 32135 32135 E aapt2   : No package ID 7f found for resource ID 0x7f03001d.
08-17 00:59:57.787 32135 32135 E aapt2   : No package ID 7f found for resource ID 0x7f03000a.
08-17 00:59:57.787 32135 32135 E aapt2   : No package ID 7f found for resource ID 0x7f030003.
08-17 00:59:57.787 32135 32135 E aapt2   : No package ID 7f found for resource ID 0x7f030000.
08-17 00:59:57.787 32135 32135 E aapt2   : No package ID 7f found for resource ID 0x7f030001.
08-17 00:59:57.787 32135 32135 E aapt2   : No package ID 7f found for resource ID 0x7f03000e.
08-17 00:59:57.787 32135 32135 E aapt2   : No package ID 7f found for resource ID 0x7f03000f.
08-17 00:59:57.787 32135 32135 E aapt2   : No package ID 7f found for resource ID 0x7f03001c.
08-17 00:59:57.787 32135 32135 E aapt2   : No package ID 7f found for resource ID 0x7f030011.
08-17 00:59:57.787 32135 32135 E aapt2   : No package ID 7f found for resource ID 0x7f030010.
08-17 00:59:57.787 32135 32135 E aapt2   : No package ID 7f found for resource ID 0x7f03001b.
08-17 00:59:57.787 32135 32135 E aapt2   : No package ID 7f found for resource ID 0x7f030013.
08-17 00:59:57.787 32135 32135 E aapt2   : No package ID 7f found for resource ID 0x7f030015.
08-17 00:59:57.787 32135 32135 E aapt2   : No package ID 7f found for resource ID 0x7f030014.
08-17 00:59:57.787 32135 32135 E aapt2   : No package ID 7f found for resource ID 0x7f030017.
08-17 00:59:57.787 32135 32135 E aapt2   : No package ID 7f found for resource ID 0x7f030019.
08-17 00:59:57.787 32135 32135 E aapt2   : No package ID 7f found for resource ID 0x7f03001a.
08-17 00:59:57.788 32135 32135 E aapt2   : No package ID 7f found for resource ID 0x7f030016.
08-17 00:59:57.788 32135 32135 E aapt2   : No package ID 7f found for resource ID 0x7f03001e.
08-17 00:59:57.788 32135 32135 E aapt2   : No package ID 7f found for resource ID 0x7f030012.
08-17 00:59:57.788 32135 32135 E aapt2   : No package ID 7f found for resource ID 0x7f030018.
08-17 00:59:57.788 32135 32135 E aapt2   : No package ID 7f found for resource ID 0x7f0300ed.
08-17 00:59:57.788 32135 32135 E aapt2   : No package ID 7f found for resource ID 0x7f0300f4.
08-17 00:59:57.788 32135 32135 E aapt2   : No package ID 7f found for resource ID 0x7f0300f1.
08-17 00:59:57.788 32135 32135 E aapt2   : No package ID 7f found for resource ID 0x7f030068.
08-17 00:59:57.788 32135 32135 E aapt2   : No package ID 7f found for resource ID 0x7f030067.
08-17 00:59:57.788 32135 32135 E aapt2   : No package ID 7f found for resource ID 0x7f0300a3.
08-17 00:59:57.788 32135 32135 E aapt2   : No package ID 7f found for resource ID 0x7f030066.
08-17 00:59:57.788 32135 32135 E aapt2   : No package ID 7f found for resource ID 0x7f03000c.
08-17 00:59:57.788 32135 32135 E aapt2   : No package ID 7f found for resource ID 0x7f030079.
08-17 00:59:57.788 32135 32135 E aapt2   : No package ID 7f found for resource ID 0x7f0300dc.
08-17 00:59:57.788 32135 32135 E aapt2   : No package ID 7f found for resource ID 0x7f03000b.
08-17 00:59:57.788 32135 32135 E aapt2   : No package ID 7f found for resource ID 0x7f03003e.
08-17 00:59:57.788 32135 32135 E aapt2   : No package ID 7f found for resource ID 0x7f03003a.
08-17 00:59:57.788 32135 32135 E aapt2   : No package ID 7f found for resource ID 0x7f0300d3.
08-17 00:59:57.788 32135 32135 E aapt2   : No package ID 7f found for resource ID 0x7f0300d4.
08-17 00:59:57.788 32135 32135 E aapt2   : No package ID 7f found for resource ID 0x7f030039.
08-17 00:59:57.788 32135 32135 E aapt2   : No package ID 7f found for resource ID 0x7f03006d.
08-17 00:59:57.788 32135 32135 E aapt2   : No package ID 7f found for resource ID 0x7f03006b.
08-17 00:59:57.788 32135 32135 E aapt2   : No package ID 7f found for resource ID 0x7f030023.
08-17 00:59:57.788 32135 32135 E aapt2   : No package ID 7f found for resource ID 0x7f03010d.
08-17 00:59:57.788 32135 32135 E aapt2   : No package ID 7f found for resource ID 0x7f03010c.
08-17 00:59:57.788 32135 32135 E aapt2   : No package ID 7f found for resource ID 0x7f0300c2.
08-17 00:59:57.788 32135 32135 E aapt2   : No package ID 7f found for resource ID 0x7f0300c4.
08-17 00:59:57.788 32135 32135 E aapt2   : No package ID 7f found for resource ID 0x7f03007b.
08-17 00:59:57.788 32135 32135 E aapt2   : No package ID 7f found for resource ID 0x7f03007a.
08-17 00:59:57.788 32135 32135 E aapt2   : No package ID 7f found for resource ID 0x7f030097.
08-17 00:59:57.788 32135 32135 E aapt2   : No package ID 7f found for resource ID 0x7f0300f3.
08-17 00:59:57.788 32135 32135 E aapt2   : No package ID 7f found for resource ID 0x7f0300f2.
08-17 00:59:57.788 32135 32135 E aapt2   : No package ID 7f found for resource ID 0x7f0300f6.
08-17 00:59:57.788 32135 32135 E aapt2   : No package ID 7f found for resource ID 0x7f0300d1.
08-17 00:59:57.788 32135 32135 E aapt2   : No package ID 7f found for resource ID 0x7f0300a8.
08-17 00:59:57.788 32135 32135 E aapt2   : No package ID 7f found for resource ID 0x7f0300aa.
08-17 00:59:57.788 32135 32135 E aapt2   : No package ID 7f found for resource ID 0x7f0300a9.
08-17 00:59:57.788 32135 32135 E aapt2   : No package ID 7f found for resource ID 0x7f0300ac.
08-17 00:59:57.788 32135 32135 E aapt2   : No package ID 7f found for resource ID 0x7f0300ad.
08-17 00:59:57.788 32135 32135 E aapt2   : No package ID 7f found for resource ID 0x7f0300ae.
08-17 00:59:57.788 32135 32135 E aapt2   : No package ID 7f found for resource ID 0x7f0300ab.
08-17 00:59:57.788 32135 32135 E aapt2   : No package ID 7f found for resource ID 0x7f030078.
08-17 00:59:57.788 32135 32135 E aapt2   : No package ID 7f found for resource ID 0x7f0300a7.
08-17 00:59:57.788 32135 32135 E aapt2   : No package ID 7f found for resource ID 0x7f0300ee.
08-17 00:59:57.788 32135 32135 E aapt2   : No package ID 7f found for resource ID 0x7f0300ef.
08-17 00:59:57.788 32135 32135 E aapt2   : No package ID 7f found for resource ID 0x7f0300f0.
08-17 00:59:57.788 32135 32135 E aapt2   : No package ID 7f found for resource ID 0x7f0300bf.
08-17 00:59:57.788 32135 32135 E aapt2   : No package ID 7f found for resource ID 0x7f0300c1.
08-17 00:59:57.788 32135 32135 E aapt2   : No package ID 7f found for resource ID 0x7f0300c0.
08-17 00:59:57.788 32135 32135 E aapt2   : No package ID 7f found for resource ID 0x7f0300a0.
08-17 00:59:57.788 32135 32135 E aapt2   : No package ID 7f found for resource ID 0x7f030058.
08-17 00:59:57.788 32135 32135 E aapt2   : No package ID 7f found for resource ID 0x7f030059.
08-17 00:59:57.788 32135 32135 E aapt2   : No package ID 7f found for resource ID 0x7f030051.
08-17 00:59:57.788 32135 32135 E aapt2   : No package ID 7f found for resource ID 0x7f030056.
08-17 00:59:57.788 32135 32135 E aapt2   : No package ID 7f found for resource ID 0x7f030054.
08-17 00:59:57.789 32135 32135 E aapt2   : No package ID 7f found for resource ID 0x7f030055.
08-17 00:59:57.789 32135 32135 E aapt2   : No package ID 7f found for resource ID 0x7f030053.
08-17 00:59:57.789 32135 32135 E aapt2   : No package ID 7f found for resource ID 0x7f03005a.
08-17 00:59:57.789 32135 32135 E aapt2   : No package ID 7f found for resource ID 0x7f030063.
08-17 00:59:57.789 32135 32135 E aapt2   : No package ID 7f found for resource ID 0x7f030052.
08-17 00:59:57.789 32135 32135 E aapt2   : No package ID 7f found for resource ID 0x7f030026.
08-17 00:59:57.789 32135 32135 E aapt2   : No package ID 7f found for resource ID 0x7f030024.
08-17 00:59:57.789 32135 32135 E aapt2   : No package ID 7f found for resource ID 0x7f030025.
08-17 00:59:57.789 32135 32135 E aapt2   : No package ID 7f found for resource ID 0x7f030027.
08-17 00:59:57.789 32135 32135 E aapt2   : No package ID 7f found for resource ID 0x7f0300f5.
08-17 00:59:57.789 32135 32135 E aapt2   : No package ID 7f found for resource ID 0x7f03003d.
08-17 00:59:57.789 32135 32135 E aapt2   : No package ID 7f found for resource ID 0x7f03003b.
08-17 00:59:57.789 32135 32135 E aapt2   : No package ID 7f found for resource ID 0x7f03003c.
08-17 00:59:57.789 32135 32135 E aapt2   : No package ID 7f found for resource ID 0x7f03002d.
08-17 00:59:57.789 32135 32135 E aapt2   : No package ID 7f found for resource ID 0x7f030043.
08-17 00:59:57.789 32135 32135 E aapt2   : No package ID 7f found for resource ID 0x7f030044.
08-17 00:59:57.789 32135 32135 E aapt2   : No package ID 7f found for resource ID 0x7f03004a.
08-17 00:59:57.789 32135 32135 E aapt2   : No package ID 7f found for resource ID 0x7f03004b.
08-17 00:59:57.789 32135 32135 E aapt2   : No package ID 7f found for resource ID 0x7f03007c.
08-17 00:59:57.789 32135 32135 E aapt2   : No package ID 7f found for resource ID 0x7f0300cb.
08-17 00:59:57.789 32135 32135 E aapt2   : No package ID 7f found for resource ID 0x7f0300cc.
08-17 00:59:57.789 32135 32135 E aapt2   : No package ID 7f found for resource ID 0x7f0300cd.
08-17 00:59:57.789 32135 32135 E aapt2   : No package ID 7f found for resource ID 0x7f0300ce.
08-17 00:59:57.789 32135 32135 E aapt2   : No package ID 7f found for resource ID 0x7f0300d2.
08-17 00:59:57.789 32135 32135 E aapt2   : No package ID 7f found for resource ID 0x7f0300dd.
08-17 00:59:57.789 32135 32135 E aapt2   : No package ID 7f found for resource ID 0x7f0300ea.
08-17 00:59:57.789 32135 32135 E aapt2   : No package ID 7f found for resource ID 0x7f0300a6.
08-17 00:59:57.789 32135 32135 E aapt2   : No package ID 7f found for resource ID 0x7f03010f.
08-17 00:59:57.789 32135 32135 E aapt2   : No package ID 7f found for resource ID 0x7f03010e.
08-17 00:59:57.789 32135 32135 E aapt2   : No package ID 7f found for resource ID 0x7f030057.
08-17 00:59:57.789 32135 32135 E aapt2   : No package ID 7f found for resource ID 0x7f030115.
08-17 00:59:57.789 32135 32135 E aapt2   : No package ID 7f found for resource ID 0x7f0300a2.
08-17 00:59:57.789 32135 32135 E aapt2   : No package ID 7f found for resource ID 0x7f0300a1.
08-17 00:59:57.790 32135 32135 E aapt2   : No package ID 7f found for resource ID 0x7f030028.
08-17 00:59:57.790 32135 32135 E aapt2   : No package ID 7f found for resource ID 0x7f0300ca.
08-17 00:59:57.790 32135 32135 E aapt2   : No package ID 7f found for resource ID 0x7f0300d5.
08-17 00:59:57.790 32135 32135 E aapt2   : No package ID 7f found for resource ID 0x7f030047.
08-17 00:59:57.790 32135 32135 E aapt2   : No package ID 7f found for resource ID 0x7f030048.
08-17 00:59:57.790 32135 32135 E aapt2   : No package ID 7f found for resource ID 0x7f030049.
08-17 00:59:57.790 32135 32135 E aapt2   : No package ID 7f found for resource ID 0x7f030029.
08-17 00:59:57.790 32135 32135 E aapt2   : No package ID 7f found for resource ID 0x7f03009c.
08-17 00:59:57.790 32135 32135 E aapt2   : No package ID 7f found for resource ID 0x7f03003f.
08-17 00:59:57.790 32135 32135 E aapt2   : No package ID 7f found for resource ID 0x7f030045.
08-17 00:59:57.790 32135 32135 E aapt2   : No package ID 7f found for resource ID 0x7f030046.
08-17 00:59:57.790 32135 32135 E aapt2   : No package ID 7f found for resource ID 0x7f030050.
08-17 00:59:57.790 32135 32135 E aapt2   : No package ID 7f found for resource ID 0x7f0300db.
08-17 00:59:57.790 32135 32135 E aapt2   : No package ID 7f found for resource ID 0x7f030072.
08-17 00:59:57.790 32135 32135 E aapt2   : No package ID 7f found for resource ID 0x7f03008d.
08-17 00:59:57.790 32135 32135 E aapt2   : No package ID 7f found for resource ID 0x7f03002b.
08-17 00:59:57.790 32135 32135 E aapt2   : No package ID 7f found for resource ID 0x7f03002c.
08-17 00:59:57.790 32135 32135 E aapt2   : No package ID 7f found for resource ID 0x7f030038.
08-17 00:59:57.790 32135 32135 E aapt2   : No package ID 7f found for resource ID 0x7f0300f9.
08-17 00:59:57.790 32135 32135 E aapt2   : No package ID 7f found for resource ID 0x7f030083.
08-17 00:59:57.790 32135 32135 E aapt2   : No package ID 7f found for resource ID 0x7f030087.
08-17 00:59:57.790 32135 32135 E aapt2   : No package ID 7f found for resource ID 0x7f030088.
08-17 00:59:57.790 32135 32135 E aapt2   : No package ID 7f found for resource ID 0x7f030084.
08-17 00:59:57.790 32135 32135 E aapt2   : No package ID 7f found for resource ID 0x7f030085.
08-17 00:59:57.790 32135 32135 E aapt2   : No package ID 7f found for resource ID 0x7f030086.
08-17 00:59:57.790 32135 32135 E aapt2   : No package ID 7f found for resource ID 0x7f030089.
08-17 00:59:57.790 32135 32135 E aapt2   : No package ID 7f found for resource ID 0x7f03008a.
08-17 00:59:57.790 32135 32135 E aapt2   : No package ID 7f found for resource ID 0x7f030081.
08-17 00:59:57.790 32135 32135 E aapt2   : No package ID 7f found for resource ID 0x7f03008c.
08-17 00:59:57.790 32135 32135 E aapt2   : No package ID 7f found for resource ID 0x7f03008b.
08-17 00:59:57.790 32135 32135 E aapt2   : No package ID 7f found for resource ID 0x7f030114.
08-17 00:59:57.791 32135 32135 E aapt2   : No package ID 7f found for resource ID 0x7f0300b2.
08-17 00:59:57.791 32135 32135 E aapt2   : No package ID 7f found for resource ID 0x7f03006a.
08-17 00:59:57.791 32135 32135 E aapt2   : No package ID 7f found for resource ID 0x7f0300d7.
08-17 00:59:57.791 32135 32135 E aapt2   : No package ID 7f found for resource ID 0x7f03006c.
08-17 00:59:57.791 32135 32135 E aapt2   : No package ID 7f found for resource ID 0x7f03002a.
08-17 00:59:57.791 32135 32135 E aapt2   : No package ID 7f found for resource ID 0x7f0300b9.
08-17 00:59:57.791 32135 32135 E aapt2   : No package ID 7f found for resource ID 0x7f0300d6.
08-17 00:59:57.791 32135 32135 E aapt2   : No package ID 7f found for resource ID 0x7f03000d.
08-17 00:59:57.791 32135 32135 E aapt2   : No package ID 7f found for resource ID 0x7f030022.
08-17 00:59:57.791 32135 32135 E aapt2   : No package ID 7f found for resource ID 0x7f030021.
08-17 00:59:57.791 32135 32135 E aapt2   : No package ID 7f found for resource ID 0x7f03005c.
08-17 00:59:57.791 32135 32135 E aapt2   : No package ID 7f found for resource ID 0x7f030110.
08-17 00:59:57.791 32135 32135 E aapt2   : No package ID 7f found for resource ID 0x7f030094.
08-17 00:59:57.791 32135 32135 E aapt2   : No package ID 7f found for resource ID 0x7f030095.
08-17 00:59:57.791 32135 32135 E aapt2   : No package ID 7f found for resource ID 0x7f0300c5.
08-17 00:59:57.791 32135 32135 E aapt2   : No package ID 7f found for resource ID 0x7f0300e1.
08-17 00:59:57.791 32135 32135 E aapt2   : No package ID 7f found for resource ID 0x7f0300ba.
08-17 00:59:57.791 32135 32135 E aapt2   : No package ID 7f found for resource ID 0x7f0300e0.
08-17 00:59:57.791 32135 32135 E aapt2   : No package ID 7f found for resource ID 0x7f0300bb.
08-17 00:59:57.792 32135 32135 E aapt2   : No package ID 7f found for resource ID 0x7f0300be.
08-17 00:59:57.792 32135 32135 E aapt2   : No package ID 7f found for resource ID 0x7f03009e.
08-17 00:59:57.792 32135 32135 E aapt2   : No package ID 7f found for resource ID 0x7f030096.
08-17 00:59:57.792 32135 32135 E aapt2   : No package ID 7f found for resource ID 0x7f0300c9.
08-17 00:59:57.792 32135 32135 E aapt2   : No package ID 7f found for resource ID 0x7f030065.
08-17 00:59:57.792 32135 32135 E aapt2   : No package ID 7f found for resource ID 0x7f03004c.
08-17 00:59:57.792 32135 32135 E aapt2   : No package ID 7f found for resource ID 0x7f03008e.
08-17 00:59:57.792 32135 32135 E aapt2   : No package ID 7f found for resource ID 0x7f0300d0.
08-17 00:59:57.792 32135 32135 E aapt2   : No package ID 7f found for resource ID 0x7f0300cf.
08-17 00:59:57.792 32135 32135 E aapt2   : No package ID 7f found for resource ID 0x7f030116.
08-17 00:59:57.792 32135 32135 E aapt2   : No package ID 7f found for resource ID 0x7f03005b.
08-17 00:59:57.792 32135 32135 E aapt2   : No package ID 7f found for resource ID 0x7f0300e7.
08-17 00:59:57.792 32135 32135 E aapt2   : No package ID 7f found for resource ID 0x7f0300c8.
08-17 00:59:57.792 32135 32135 E aapt2   : No package ID 7f found for resource ID 0x7f0300e2.
08-17 00:59:57.792 32135 32135 E aapt2   : No package ID 7f found for resource ID 0x7f0300c3.
08-17 00:59:57.792 32135 32135 E aapt2   : No package ID 7f found for resource ID 0x7f0300fb.
08-17 00:59:57.792 32135 32135 E aapt2   : No package ID 7f found for resource ID 0x7f0300fc.
08-17 00:59:57.792 32135 32135 E aapt2   : No package ID 7f found for resource ID 0x7f030111.
08-17 00:59:57.792 32135 32135 E aapt2   : No package ID 7f found for resource ID 0x7f030112.
08-17 00:59:57.792 32135 32135 E aapt2   : No package ID 7f found for resource ID 0x7f030113.
08-17 00:59:57.792 32135 32135 E aapt2   : No package ID 7f found for resource ID 0x7f0300fa.
08-17 00:59:57.792 32135 32135 E aapt2   : No package ID 7f found for resource ID 0x7f0300eb.
08-17 00:59:57.792 32135 32135 E aapt2   : No package ID 7f found for resource ID 0x7f0300e8.
08-17 00:59:57.792 32135 32135 E aapt2   : No package ID 7f found for resource ID 0x7f0300e9.
08-17 00:59:57.792 32135 32135 E aapt2   : No package ID 7f found for resource ID 0x7f0300de.
08-17 00:59:57.792 32135 32135 E aapt2   : No package ID 7f found for resource ID 0x7f0300d8.
08-17 00:59:57.792 32135 32135 E aapt2   : No package ID 7f found for resource ID 0x7f030082.
08-17 00:59:57.792 32135 32135 E aapt2   : No package ID 7f found for resource ID 0x7f0300ec.
08-17 00:59:57.792 32135 32135 E aapt2   : No package ID 7f found for resource ID 0x7f0300f7.
08-17 00:59:57.792 32135 32135 E aapt2   : No package ID 7f found for resource ID 0x7f03008b.
08-17 00:59:57.793 32135 32135 E aapt2   : No package ID 7f found for resource ID 0x7f030109.
08-17 00:59:57.793 32135 32135 E aapt2   : No package ID 7f found for resource ID 0x7f0300e4.
08-17 00:59:57.793 32135 32135 E aapt2   : No package ID 7f found for resource ID 0x7f030102.
08-17 00:59:57.793 32135 32135 E aapt2   : No package ID 7f found for resource ID 0x7f0300e3.
08-17 00:59:57.793 32135 32135 E aapt2   : No package ID 7f found for resource ID 0x7f030103.
08-17 00:59:57.793 32135 32135 E aapt2   : No package ID 7f found for resource ID 0x7f030106.
08-17 00:59:57.793 32135 32135 E aapt2   : No package ID 7f found for resource ID 0x7f030105.
08-17 00:59:57.793 32135 32135 E aapt2   : No package ID 7f found for resource ID 0x7f030107.
08-17 00:59:57.793 32135 32135 E aapt2   : No package ID 7f found for resource ID 0x7f030104.
08-17 00:59:57.793 32135 32135 E aapt2   : No package ID 7f found for resource ID 0x7f030108.
08-17 00:59:57.793 32135 32135 E aapt2   : No package ID 7f found for resource ID 0x7f030061.
08-17 00:59:57.793 32135 32135 E aapt2   : No package ID 7f found for resource ID 0x7f03005d.
08-17 00:59:57.793 32135 32135 E aapt2   : No package ID 7f found for resource ID 0x7f03005f.
08-17 00:59:57.793 32135 32135 E aapt2   : No package ID 7f found for resource ID 0x7f030060.
08-17 00:59:57.793 32135 32135 E aapt2   : No package ID 7f found for resource ID 0x7f030062.
08-17 00:59:57.793 32135 32135 E aapt2   : No package ID 7f found for resource ID 0x7f03005e.
08-17 00:59:57.793 32135 32135 E aapt2   : No package ID 7f found for resource ID 0x7f0300b1.
08-17 00:59:57.793 32135 32135 E aapt2   : No package ID 7f found for resource ID 0x7f030040.
08-17 00:59:57.793 32135 32135 E aapt2   : No package ID 7f found for resource ID 0x7f03004f.
08-17 00:59:57.793 32135 32135 E aapt2   : No package ID 7f found for resource ID 0x7f03004e.
08-17 00:59:57.793 32135 32135 E aapt2   : No package ID 7f found for resource ID 0x7f0300b6.
08-17 00:59:57.793 32135 32135 E aapt2   : No package ID 7f found for resource ID 0x7f0300b5.
08-17 00:59:57.793 32135 32135 E aapt2   : No package ID 7f found for resource ID 0x7f0300af.
08-17 00:59:57.793 32135 32135 E aapt2   : No package ID 7f found for resource ID 0x7f0300b0.
08-17 00:59:57.793 32135 32135 E aapt2   : No package ID 7f found for resource ID 0x7f03010a.
08-17 00:59:57.793 32135 32135 E aapt2   : No package ID 7f found for resource ID 0x7f0300e5.
08-17 00:59:57.793 32135 32135 E aapt2   : No package ID 7f found for resource ID 0x7f0300b3.
08-17 00:59:57.793 32135 32135 E aapt2   : No package ID 7f found for resource ID 0x7f0300bd.
08-17 00:59:57.793 32135 32135 E aapt2   : No package ID 7f found for resource ID 0x7f0300bc.
08-17 00:59:57.793 32135 32135 E aapt2   : No package ID 7f found for resource ID 0x7f0300f8.
08-17 00:59:57.793 32135 32135 E aapt2   : No package ID 7f found for resource ID 0x7f030036.
08-17 00:59:57.793 32135 32135 E aapt2   : No package ID 7f found for resource ID 0x7f030037.

> Task :app:processDebugResources

> Task :app:compileDebugJavaWithJavac
Java compiler version 21 has deprecated support for compiling with source/target version 8.
Try one of the following options:
    1. [Recommended] Use Java toolchain with a lower language version
    2. Set a higher source/target version
    3. Use a lower version of the JDK running the build (if you're not using Java toolchain)
For more details on how to configure these settings, see https://developer.android.com/build/jdks.
To suppress this warning, set android.javaCompile.suppressSourceTargetDeprecationWarning=true in gradle.properties.
warning: [options] source value 8 is obsolete and will be removed in a future release
warning: [options] target value 8 is obsolete and will be removed in a future release
warning: [options] To suppress warnings about obsolete options, use -Xlint:-options.
3 warnings

> Task :app:dexBuilderDebug
> Task :app:mergeProjectDexDebug
> Task :app:packageDebug
> Task :app:createDebugApkListingFileRedirect
> Task :app:assembleDebug

[Incubating] Problems report is available at: file:///data/data/com.termux/files/home/AfriDigitalHub/AfriDigital-api/modules/afridesign/android/build/reports/problems/problems-report.html

Deprecated Gradle features were used in this build, making it incompatible with Gradle 10.

You can use '--warning-mode all' to show the individual deprecation warnings and determine if they come from your own scripts or plugins.

For more on this, please refer to https://docs.gradle.org/9.7.0/userguide/command_line_interface.html#sec:command_line_warnings in the Gradle documentation.

BUILD SUCCESSFUL in 1m 49s
31 actionable tasks: 13 executed, 18 up-to-date
Consider enabling configuration cache to speed up this build: https://docs.gradle.org/9.7.0/userguide/configuration_cache_enabling.html
