🔐 ADMIN ENV LOADED
🚀 AfriDigital Server Booting...
🌊 STREAM BRIDGE ACTIVE
🌊 EVENT STREAM ACTIVE
🌊 WS ATTACHED TO SERVER
📊 Admin Event API mounted
🌊 STREAM BRIDGE ACTIVE
🔐 ADMIN CONFIG: { whatsapp: '+2347060553158', email: 'afridigitalhq@gmail.com' }
🟢 AFRI BOOT OK - SERVER STARTING
🛡️ FRAUD CONTROL PLANE ACTIVE
✅ Server running on port 10000
🌉 V20 Webhook Bridge Connected
🚀 Webhook Bridge running on port 3000
📡 Redis Mesh Connected
🧠 V20 Mesh Connected
⚙️ Worker running
🚀 V20 FULL PIPELINE ACTIVE
📤 V20 Sender Loop Connected
🚀 V20 Sender Loop Running...
📩 Webhook received: { user: '2347000000000', text: 'hello afri ai live test' }
📩 Webhook received: { user: '2347000000000', text: 'final test' }
